Waiting for GPUs: need 4, found 3. 3600s remaining...
Waiting for GPUs: need 4, found 3. 3594s remaining...
Waiting for GPUs: need 4, found 3. 3589s remaining...
Waiting for GPUs: need 4, found 3. 3584s remaining...
Waiting for GPUs: need 4, found 3. 3578s remaining...
Waiting for GPUs: need 4, found 3. 3573s remaining...
Waiting for GPUs: need 4, found 3. 3568s remaining...
Waiting for GPUs: need 4, found 3. 3563s remaining...
Waiting for GPUs: need 4, found 3. 3557s remaining...
Waiting for GPUs: need 4, found 3. 3552s remaining...
Waiting for GPUs: need 4, found 3. 3547s remaining...
Waiting for GPUs: need 4, found 3. 3541s remaining...
Reserved GPUs: 0,1,5,7 (free VRAM: 24533MiB, 24533MiB, 24533MiB, 24533MiB)
Auto: PERSISTENT enabled (non-MoE model)
Loaded pre-quantized weights from /home/mcelrath/Projects/ai/braidinfer/models/qwen35_08b.q4.bqnt (229 tensors)
VRAM after load: 1400/24560 MB
max_seq_len: 8192
stop tokens: [248046, 248044]
warmup-mailbox-only attempt 1: single-GPU mode — falling back to full-decode warmup
  megakernel: shared_mem=31776 blocks_per_sm=2 NUM_CUS=48
  GPU 0: persistent worker launched (96 blocks, 31776B shared, bpsm_raw=2 bpsm=2 num_cus=48)
warmup-discard: clean after 1 attempt(s) in 0.15s
 jumps over the lazy dog.
The quick brown fox jumps over the lazy dog.
The quick
20 tokens in 0.361s = 55.3 tok/s
persistent_worker: started, queue=0x14da7c070000
